==================================================
EduHub - Supabase Connection Test
==================================================
[INFO] Connecting to: https://ushmjdcegmhdszrphssp.supabase.co
[OK] Supabase client created successfully!

--- Test 1: Query subjects table ---
[WARN] Query error: {'message': "Could not find the table 'public.subjects' in the schema cache", 'code': 'PGRST205', 'hint': None, 'details': None}

--- Test 2: Auth service ---
[OK] Auth service working! 0 user(s) registered

--- Test 3: Storage service ---
[OK] Storage service working! Buckets: ['eduhub-notes']
[OK] 'eduhub-notes' bucket exists!

==================================================
Connection test complete!
==================================================
